2025-11-16T19:20:22.881+05:30  INFO 53140 --- [user-service] [restartedMain] com.ecommerce.user.UserApplication       : Starting UserApplication using Java 22.0.1 with PID 53140 (/Users/abhinav.bhattacharje/springboot_proj/ecom_microservices/user/target/classes started by abhinav.bhattacharje in /Users/abhinav.bhattacharje/springboot_proj/ecom_microservices)
2025-11-16T19:20:22.882+05:30 DEBUG 53140 --- [user-service] [restartedMain] com.ecommerce.user.UserApplication       : Running with Spring Boot v3.5.7, Spring v6.2.12
2025-11-16T19:20:22.882+05:30  INFO 53140 --- [user-service] [restartedMain] com.ecommerce.user.UserApplication       : No active profile set, falling back to 1 default profile: "default"
2025-11-16T19:20:22.896+05:30  INFO 53140 --- [user-service] [restartedMain] o.s.c.c.c.ConfigServerConfigDataLoader   : Fetching config from server at : http://localhost:8898
2025-11-16T19:20:22.896+05:30  INFO 53140 --- [user-service] [restartedMain] o.s.c.c.c.ConfigServerConfigDataLoader   : Located environment: name=user-service, profiles=[default], label=null, version=null, state=null
2025-11-16T19:20:22.897+05:30  INFO 53140 --- [user-service] [restartedMain] .e.DevToolsPropertyDefaultsPostProcessor : Devtools property defaults active! Set 'spring.devtools.add-properties' to 'false' to disable
2025-11-16T19:20:22.897+05:30  INFO 53140 --- [user-service] [restartedMain] .e.DevToolsPropertyDefaultsPostProcessor : For additional web related logging consider setting the 'logging.level.web' property to 'DEBUG'
2025-11-16T19:20:23.395+05:30  INFO 53140 --- [user-service] [restartedMain] .s.d.r.c.RepositoryConfigurationDelegate : Bootstrapping Spring Data MongoDB repositories in DEFAULT mode.
2025-11-16T19:20:23.452+05:30  INFO 53140 --- [user-service] [restartedMain] .s.d.r.c.RepositoryConfigurationDelegate : Finished Spring Data repository scanning in 54 ms. Found 1 MongoDB repository interface.
2025-11-16T19:20:23.532+05:30  INFO 53140 --- [user-service] [restartedMain] faultConfiguringBeanFactoryPostProcessor : No bean named 'errorChannel' has been explicitly defined. Therefore, a default PublishSubscribeChannel will be created.
2025-11-16T19:20:23.536+05:30  INFO 53140 --- [user-service] [restartedMain] faultConfiguringBeanFactoryPostProcessor : No bean named 'integrationHeaderChannelRegistry' has been explicitly defined. Therefore, a default DefaultHeaderChannelRegistry will be created.
2025-11-16T19:20:23.583+05:30  INFO 53140 --- [user-service] [restartedMain] o.s.cloud.context.scope.GenericScope     : BeanFactory id=bd3d4c03-9f16-3093-b7a5-d371d88873a2
2025-11-16T19:20:23.837+05:30  INFO 53140 --- [user-service] [restartedMain] o.s.b.w.embedded.tomcat.TomcatWebServer  : Tomcat initialized with port 8082 (http)
2025-11-16T19:20:23.845+05:30  INFO 53140 --- [user-service] [restartedMain] o.apache.catalina.core.StandardService   : Starting service [Tomcat]
2025-11-16T19:20:23.845+05:30  INFO 53140 --- [user-service] [restartedMain] o.apache.catalina.core.StandardEngine    : Starting Servlet engine: [Apache Tomcat/10.1.48]
2025-11-16T19:20:23.863+05:30  INFO 53140 --- [user-service] [restartedMain] o.a.c.c.C.[Tomcat].[localhost].[/]       : Initializing Spring embedded WebApplicationContext
2025-11-16T19:20:23.863+05:30  INFO 53140 --- [user-service] [restartedMain] w.s.c.ServletWebServerApplicationContext : Root WebApplicationContext: initialization completed in 966 ms
2025-11-16T19:20:24.029+05:30  INFO 53140 --- [user-service] [restartedMain] org.mongodb.driver.client                : MongoClient with metadata {"driver": {"name": "mongo-java-driver|sync|spring-boot", "version": "5.5.2"}, "os": {"type": "Darwin", "name": "Mac OS X", "architecture": "aarch64", "version": "15.7.2"}, "platform": "Java/Homebrew/22.0.1"} created with settings MongoClientSettings{readPreference=primary, writeConcern=WriteConcern{w=null, wTimeout=null ms, journal=null}, retryWrites=true, retryReads=true, readConcern=ReadConcern{level=null}, credential=null, transportSettings=null, commandListeners=[io.micrometer.core.instrument.binder.mongodb.MongoMetricsCommandListener@6e00b8a6], codecRegistry=ProvidersCodecRegistry{codecProviders=[ValueCodecProvider{}, BsonValueCodecProvider{}, DBRefCodecProvider{}, DBObjectCodecProvider{}, DocumentCodecProvider{}, CollectionCodecProvider{}, IterableCodecProvider{}, MapCodecProvider{}, GeoJsonCodecProvider{}, GridFSFileCodecProvider{}, Jsr310CodecProvider{}, JsonObjectCodecProvider{}, BsonCodecProvider{}, EnumCodecProvider{}, com.mongodb.client.model.mql.ExpressionCodecProvider@13578280, com.mongodb.Jep395RecordCodecProvider@4d7a20d2, com.mongodb.KotlinCodecProvider@2476c3db]}, loggerSettings=LoggerSettings{maxDocumentLength=1000}, clusterSettings={hosts=[localhost:27017], srvServiceName=mongodb, mode=SINGLE, requiredClusterType=UNKNOWN, requiredReplicaSetName='null', serverSelector='null', clusterListeners='[]', serverSelectionTimeout='30000 ms', localThreshold='15 ms'}, socketSettings=SocketSettings{connectTimeoutMS=10000, readTimeoutMS=0, receiveBufferSize=0, proxySettings=ProxySettings{host=null, port=null, username=null, password=null}}, heartbeatSocketSettings=SocketSettings{connectTimeoutMS=10000, readTimeoutMS=10000, receiveBufferSize=0, proxySettings=ProxySettings{host=null, port=null, username=null, password=null}}, connectionPoolSettings=ConnectionPoolSettings{maxSize=100, minSize=0, maxWaitTimeMS=120000, maxConnectionLifeTimeMS=0, maxConnectionIdleTimeMS=0, maintenanceInitialDelayMS=0, maintenanceFrequencyMS=60000, connectionPoolListeners=[io.micrometer.core.instrument.binder.mongodb.MongoMetricsConnectionPoolListener@4f588a7b], maxConnecting=2}, serverSettings=ServerSettings{heartbeatFrequencyMS=10000, minHeartbeatFrequencyMS=500, serverMonitoringMode=AUTO, serverListeners='[]', serverMonitorListeners='[]'}, sslSettings=SslSettings{enabled=false, invalidHostNameAllowed=false, context=null}, applicationName='null', compressorList=[], uuidRepresentation=JAVA_LEGACY, serverApi=null, autoEncryptionSettings=null, dnsClient=null, inetAddressResolver=null, contextProvider=null, timeoutMS=null}
2025-11-16T19:20:24.036+05:30  INFO 53140 --- [user-service] [cluster-ClusterId{value='6919d69ff1dce788dbd0d36b', description='null'}-localhost:27017] org.mongodb.driver.cluster               : Monitor thread successfully connected to server with description ServerDescription{address=localhost:27017, type=STANDALONE, cryptd=false, state=CONNECTED, ok=true, minWireVersion=0, maxWireVersion=17, maxDocumentSize=16777216, logicalSessionTimeoutMinutes=30, roundTripTimeNanos=10318125, minRoundTripTimeNanos=0}
2025-11-16T19:20:24.186+05:30  WARN 53140 --- [user-service] [restartedMain] o.s.b.d.a.OptionalLiveReloadServer       : Unable to start LiveReload server
2025-11-16T19:20:24.611+05:30  WARN 53140 --- [user-service] [restartedMain] c.f.c.c.BeanFactoryAwareFunctionRegistry : Failed to locate function 'busConsumer' for function definition 'busConsumer'. Returning null.
2025-11-16T19:20:24.646+05:30  INFO 53140 --- [user-service] [restartedMain] o.s.c.s.m.DirectWithAttributesChannel    : Channel 'user-service.springCloudBusInput' has 1 subscriber(s).
2025-11-16T19:20:24.743+05:30  INFO 53140 --- [user-service] [restartedMain] DiscoveryClientOptionalArgsConfiguration : Eureka HTTP Client uses RestTemplate.
2025-11-16T19:20:24.760+05:30  WARN 53140 --- [user-service] [restartedMain] iguration$LoadBalancerCaffeineWarnLogger : Spring Cloud LoadBalancer is currently working with the default cache. While this cache implementation is useful for development and tests, it's recommended to use Caffeine cache in production.You can switch to using Caffeine cache, by adding it and org.springframework.cache.caffeine.CaffeineCacheManager to the classpath.
2025-11-16T19:20:24.764+05:30  INFO 53140 --- [user-service] [restartedMain] o.s.b.a.e.web.EndpointLinksResolver      : Exposing 24 endpoints beneath base path '/actuator'
2025-11-16T19:20:24.827+05:30  INFO 53140 --- [user-service] [restartedMain] figuration$IntegrationJmxConfiguration$1 : Registering MessageChannel errorChannel
2025-11-16T19:20:24.831+05:30  INFO 53140 --- [user-service] [restartedMain] figuration$IntegrationJmxConfiguration$1 : Registering MessageChannel springCloudBusInput
2025-11-16T19:20:24.833+05:30  INFO 53140 --- [user-service] [restartedMain] figuration$IntegrationJmxConfiguration$1 : Registering MessageChannel nullChannel
2025-11-16T19:20:24.835+05:30  INFO 53140 --- [user-service] [restartedMain] figuration$IntegrationJmxConfiguration$1 : Registering MessageHandler _org.springframework.integration.errorLogger
2025-11-16T19:20:24.840+05:30  INFO 53140 --- [user-service] [restartedMain] o.s.i.endpoint.EventDrivenConsumer       : Adding {logging-channel-adapter:_org.springframework.integration.errorLogger} as a subscriber to the 'errorChannel' channel
2025-11-16T19:20:24.841+05:30  INFO 53140 --- [user-service] [restartedMain] o.s.i.channel.PublishSubscribeChannel    : Channel 'user-service.errorChannel' has 1 subscriber(s).
2025-11-16T19:20:24.841+05:30  INFO 53140 --- [user-service] [restartedMain] o.s.i.endpoint.EventDrivenConsumer       : started bean '_org.springframework.integration.errorLogger'
2025-11-16T19:20:24.868+05:30  INFO 53140 --- [user-service] [restartedMain] o.s.c.n.eureka.InstanceInfoFactory       : Setting initial instance status as: STARTING
2025-11-16T19:20:24.879+05:30  INFO 53140 --- [user-service] [restartedMain] com.netflix.discovery.DiscoveryClient    : Initializing Eureka in region us-east-1
2025-11-16T19:20:24.881+05:30  INFO 53140 --- [user-service] [restartedMain] c.n.d.s.r.aws.ConfigClusterResolver      : Resolving eureka endpoints via configuration
2025-11-16T19:20:24.884+05:30  INFO 53140 --- [user-service] [restartedMain] com.netflix.discovery.DiscoveryClient    : Disable delta property : false
2025-11-16T19:20:24.884+05:30  INFO 53140 --- [user-service] [restartedMain] com.netflix.discovery.DiscoveryClient    : Single vip registry refresh property : null
2025-11-16T19:20:24.884+05:30  INFO 53140 --- [user-service] [restartedMain] com.netflix.discovery.DiscoveryClient    : Force full registry fetch : false
2025-11-16T19:20:24.884+05:30  INFO 53140 --- [user-service] [restartedMain] com.netflix.discovery.DiscoveryClient    : Application is null : false
2025-11-16T19:20:24.884+05:30  INFO 53140 --- [user-service] [restartedMain] com.netflix.discovery.DiscoveryClient    : Registered Applications size is zero : true
2025-11-16T19:20:24.884+05:30  INFO 53140 --- [user-service] [restartedMain] com.netflix.discovery.DiscoveryClient    : Application version is -1: true
2025-11-16T19:20:24.884+05:30  INFO 53140 --- [user-service] [restartedMain] com.netflix.discovery.DiscoveryClient    : Getting all instance registry info from the eureka server
2025-11-16T19:20:24.982+05:30  INFO 53140 --- [user-service] [restartedMain] com.netflix.discovery.DiscoveryClient    : The response status is 200
2025-11-16T19:20:24.983+05:30  INFO 53140 --- [user-service] [restartedMain] com.netflix.discovery.DiscoveryClient    : Starting heartbeat executor: renew interval is: 30
2025-11-16T19:20:24.984+05:30  INFO 53140 --- [user-service] [restartedMain] c.n.discovery.InstanceInfoReplicator     : InstanceInfoReplicator onDemand update allowed rate per min is 4
2025-11-16T19:20:24.984+05:30  INFO 53140 --- [user-service] [restartedMain] com.netflix.discovery.DiscoveryClient    : Discovery Client initialized at timestamp 1763301024984 with initial instances count: 3
2025-11-16T19:20:24.986+05:30  INFO 53140 --- [user-service] [restartedMain] o.s.c.n.e.s.EurekaServiceRegistry        : Registering application USER-SERVICE with eureka with status UP
2025-11-16T19:20:24.986+05:30  INFO 53140 --- [user-service] [restartedMain] com.netflix.discovery.DiscoveryClient    : Saw local status change event StatusChangeEvent [timestamp=1763301024986, current=UP, previous=STARTING]
2025-11-16T19:20:24.986+05:30  INFO 53140 --- [user-service] [DiscoveryClient-InstanceInfoReplicator-%d] com.netflix.discovery.DiscoveryClient    : DiscoveryClient_USER-SERVICE/192.168.1.4:user-service:8082: registering service...
2025-11-16T19:20:24.987+05:30  INFO 53140 --- [user-service] [restartedMain] o.s.c.s.binder.DefaultBinderFactory      : Creating binder: rabbit
2025-11-16T19:20:24.987+05:30  INFO 53140 --- [user-service] [restartedMain] o.s.c.s.binder.DefaultBinderFactory      : Constructing binder child context for rabbit
2025-11-16T19:20:25.004+05:30  INFO 53140 --- [user-service] [DiscoveryClient-InstanceInfoReplicator-%d] com.netflix.discovery.DiscoveryClient    : DiscoveryClient_USER-SERVICE/192.168.1.4:user-service:8082 - registration status: 204
2025-11-16T19:20:25.030+05:30  INFO 53140 --- [user-service] [restartedMain] o.s.c.s.binder.DefaultBinderFactory      : Caching the binder: rabbit
2025-11-16T19:20:25.039+05:30  INFO 53140 --- [user-service] [restartedMain] c.s.b.r.p.RabbitExchangeQueueProvisioner : declaring queue for inbound: springCloudBus.anonymous.22SlPfEER9uZ4SnoPTOSFw, bound to: springCloudBus
2025-11-16T19:20:25.041+05:30  INFO 53140 --- [user-service] [restartedMain] o.s.a.r.c.CachingConnectionFactory       : Attempting to connect to: [localhost:5672]
2025-11-16T19:20:25.072+05:30  INFO 53140 --- [user-service] [restartedMain] o.s.a.r.c.CachingConnectionFactory       : Created new connection: rabbitConnectionFactory#18405372:0/SimpleConnection@64778e1f [delegate=amqp://guest@127.0.0.1:5672/, localPort=50560]
2025-11-16T19:20:25.109+05:30  INFO 53140 --- [user-service] [restartedMain] o.s.c.stream.binder.BinderErrorChannel   : Channel 'rabbit-1726923436.springCloudBusInput.errors' has 1 subscriber(s).
2025-11-16T19:20:25.109+05:30  INFO 53140 --- [user-service] [restartedMain] o.s.c.stream.binder.BinderErrorChannel   : Channel 'rabbit-1726923436.springCloudBusInput.errors' has 2 subscriber(s).
2025-11-16T19:20:25.119+05:30  INFO 53140 --- [user-service] [restartedMain] o.s.i.a.i.AmqpInboundChannelAdapter      : started bean 'inbound.springCloudBus.anonymous.22SlPfEER9uZ4SnoPTOSFw'
2025-11-16T19:20:25.126+05:30  INFO 53140 --- [user-service] [restartedMain] o.s.b.w.embedded.tomcat.TomcatWebServer  : Tomcat started on port 8082 (http) with context path '/'
2025-11-16T19:20:25.126+05:30  INFO 53140 --- [user-service] [restartedMain] .s.c.n.e.s.EurekaAutoServiceRegistration : Updating port to 8082
2025-11-16T19:20:25.143+05:30  INFO 53140 --- [user-service] [restartedMain] figuration$IntegrationJmxConfiguration$1 : Registering MessageChannel rabbit-1726923436.springCloudBusInput.errors
2025-11-16T19:20:25.157+05:30  INFO 53140 --- [user-service] [restartedMain] com.ecommerce.user.UserApplication       : Started UserApplication in 2.643 seconds (process running for 3.273)
2025-11-16T19:20:25.634+05:30  INFO 53140 --- [user-service] [RMI TCP Connection(4)-192.168.1.4] o.a.c.c.C.[Tomcat].[localhost].[/]       : Initializing Spring DispatcherServlet 'dispatcherServlet'
2025-11-16T19:20:25.634+05:30  INFO 53140 --- [user-service] [RMI TCP Connection(4)-192.168.1.4] o.s.web.servlet.DispatcherServlet        : Initializing Servlet 'dispatcherServlet'
2025-11-16T19:20:25.635+05:30  INFO 53140 --- [user-service] [RMI TCP Connection(4)-192.168.1.4] o.s.web.servlet.DispatcherServlet        : Completed initialization in 1 ms
2025-11-16T19:20:37.148+05:30  INFO 53140 --- [user-service] [http-nio-8082-exec-2] c.e.user.controllers.UserController      : Request received for user: 691358fad8a27e65c9ce6e79
2025-11-16T19:20:50.529+05:30  INFO 53140 --- [user-service] [http-nio-8082-exec-3] c.e.user.controllers.UserController      : Request received for user: 691358fad8a27e65c9ce6e79
2025-11-16T19:21:44.889+05:30  INFO 53140 --- [user-service] [File Watcher] rtingClassPathChangeChangedEventListener : Restarting due to 1 class path change (0 additions, 0 deletions, 1 modification)
2025-11-16T19:21:44.896+05:30  INFO 53140 --- [user-service] [Thread-1] o.s.c.n.e.s.EurekaServiceRegistry        : Unregistering application USER-SERVICE with eureka with status DOWN
2025-11-16T19:21:44.897+05:30  INFO 53140 --- [user-service] [Thread-1] com.netflix.discovery.DiscoveryClient    : Saw local status change event StatusChangeEvent [timestamp=1763301104897, current=DOWN, previous=UP]
2025-11-16T19:21:44.897+05:30  INFO 53140 --- [user-service] [DiscoveryClient-InstanceInfoReplicator-%d] com.netflix.discovery.DiscoveryClient    : DiscoveryClient_USER-SERVICE/192.168.1.4:user-service:8082: registering service...
2025-11-16T19:21:44.905+05:30  INFO 53140 --- [user-service] [Thread-1] o.s.b.w.e.tomcat.GracefulShutdown        : Commencing graceful shutdown. Waiting for active requests to complete
2025-11-16T19:21:44.910+05:30  INFO 53140 --- [user-service] [tomcat-shutdown] o.s.b.w.e.tomcat.GracefulShutdown        : Graceful shutdown complete
2025-11-16T19:21:44.925+05:30  INFO 53140 --- [user-service] [DiscoveryClient-InstanceInfoReplicator-%d] com.netflix.discovery.DiscoveryClient    : DiscoveryClient_USER-SERVICE/192.168.1.4:user-service:8082 - registration status: 204
2025-11-16T19:21:44.934+05:30  INFO 53140 --- [user-service] [Thread-1] o.s.a.r.l.SimpleMessageListenerContainer : Waiting for workers to finish.
2025-11-16T19:21:45.426+05:30  INFO 53140 --- [user-service] [Thread-1] o.s.a.r.l.SimpleMessageListenerContainer : Successfully waited for workers to finish.
2025-11-16T19:21:45.428+05:30  INFO 53140 --- [user-service] [Thread-1] o.s.i.a.i.AmqpInboundChannelAdapter      : stopped bean 'inbound.springCloudBus.anonymous.22SlPfEER9uZ4SnoPTOSFw'
2025-11-16T19:21:45.442+05:30  INFO 53140 --- [user-service] [Thread-1] o.s.c.stream.binder.BinderErrorChannel   : Channel 'user-service.rabbit-1726923436.springCloudBusInput.errors' has 1 subscriber(s).
2025-11-16T19:21:45.443+05:30  INFO 53140 --- [user-service] [Thread-1] o.s.c.stream.binder.BinderErrorChannel   : Channel 'user-service.rabbit-1726923436.springCloudBusInput.errors' has 0 subscriber(s).
2025-11-16T19:21:45.465+05:30  INFO 53140 --- [user-service] [Thread-1] o.s.i.endpoint.EventDrivenConsumer       : Removing {logging-channel-adapter:_org.springframework.integration.errorLogger} as a subscriber to the 'errorChannel' channel
2025-11-16T19:21:45.466+05:30  INFO 53140 --- [user-service] [Thread-1] o.s.i.channel.PublishSubscribeChannel    : Channel 'user-service.errorChannel' has 0 subscriber(s).
2025-11-16T19:21:45.466+05:30  INFO 53140 --- [user-service] [Thread-1] o.s.i.endpoint.EventDrivenConsumer       : stopped bean '_org.springframework.integration.errorLogger'
2025-11-16T19:21:45.483+05:30  INFO 53140 --- [user-service] [Thread-1] com.netflix.discovery.DiscoveryClient    : Shutting down DiscoveryClient ...
2025-11-16T19:21:48.487+05:30  INFO 53140 --- [user-service] [Thread-1] com.netflix.discovery.DiscoveryClient    : Unregistering ...
2025-11-16T19:21:48.495+05:30  INFO 53140 --- [user-service] [Thread-1] com.netflix.discovery.DiscoveryClient    : DiscoveryClient_USER-SERVICE/192.168.1.4:user-service:8082 - deregister  status: 200
2025-11-16T19:21:48.496+05:30  INFO 53140 --- [user-service] [Thread-1] com.netflix.discovery.DiscoveryClient    : Completed shut down of DiscoveryClient
2025-11-16T19:21:48.633+05:30  INFO 53140 --- [user-service] [restartedMain] com.ecommerce.user.UserApplication       : Starting UserApplication using Java 22.0.1 with PID 53140 (/Users/abhinav.bhattacharje/springboot_proj/ecom_microservices/user/target/classes started by abhinav.bhattacharje in /Users/abhinav.bhattacharje/springboot_proj/ecom_microservices)
2025-11-16T19:21:48.633+05:30 DEBUG 53140 --- [user-service] [restartedMain] com.ecommerce.user.UserApplication       : Running with Spring Boot v3.5.7, Spring v6.2.12
2025-11-16T19:21:48.633+05:30  INFO 53140 --- [user-service] [restartedMain] com.ecommerce.user.UserApplication       : No active profile set, falling back to 1 default profile: "default"
2025-11-16T19:21:48.634+05:30  INFO 53140 --- [user-service] [restartedMain] o.s.c.c.c.ConfigServerConfigDataLoader   : Fetching config from server at : http://localhost:8898
2025-11-16T19:21:48.634+05:30  INFO 53140 --- [user-service] [restartedMain] o.s.c.c.c.ConfigServerConfigDataLoader   : Located environment: name=user-service, profiles=[default], label=null, version=null, state=null
2025-11-16T19:21:48.820+05:30  INFO 53140 --- [user-service] [restartedMain] .s.d.r.c.RepositoryConfigurationDelegate : Bootstrapping Spring Data MongoDB repositories in DEFAULT mode.
2025-11-16T19:21:48.824+05:30  INFO 53140 --- [user-service] [restartedMain] .s.d.r.c.RepositoryConfigurationDelegate : Finished Spring Data repository scanning in 2 ms. Found 1 MongoDB repository interface.
2025-11-16T19:21:48.899+05:30  INFO 53140 --- [user-service] [restartedMain] faultConfiguringBeanFactoryPostProcessor : No bean named 'errorChannel' has been explicitly defined. Therefore, a default PublishSubscribeChannel will be created.
2025-11-16T19:21:48.899+05:30  INFO 53140 --- [user-service] [restartedMain] faultConfiguringBeanFactoryPostProcessor : No bean named 'integrationHeaderChannelRegistry' has been explicitly defined. Therefore, a default DefaultHeaderChannelRegistry will be created.
2025-11-16T19:21:48.911+05:30  INFO 53140 --- [user-service] [restartedMain] o.s.cloud.context.scope.GenericScope     : BeanFactory id=bd3d4c03-9f16-3093-b7a5-d371d88873a2
2025-11-16T19:21:48.958+05:30  INFO 53140 --- [user-service] [restartedMain] o.s.b.w.embedded.tomcat.TomcatWebServer  : Tomcat initialized with port 8082 (http)
2025-11-16T19:21:48.959+05:30  INFO 53140 --- [user-service] [restartedMain] o.apache.catalina.core.StandardService   : Starting service [Tomcat]
2025-11-16T19:21:48.959+05:30  INFO 53140 --- [user-service] [restartedMain] o.apache.catalina.core.StandardEngine    : Starting Servlet engine: [Apache Tomcat/10.1.48]
2025-11-16T19:21:48.966+05:30  INFO 53140 --- [user-service] [restartedMain] o.a.c.c.C.[Tomcat].[localhost].[/]       : Initializing Spring embedded WebApplicationContext
2025-11-16T19:21:48.966+05:30  INFO 53140 --- [user-service] [restartedMain] w.s.c.ServletWebServerApplicationContext : Root WebApplicationContext: initialization completed in 332 ms
2025-11-16T19:21:49.021+05:30  INFO 53140 --- [user-service] [restartedMain] org.mongodb.driver.client                : MongoClient with metadata {"driver": {"name": "mongo-java-driver|sync|spring-boot", "version": "5.5.2"}, "os": {"type": "Darwin", "name": "Mac OS X", "architecture": "aarch64", "version": "15.7.2"}, "platform": "Java/Homebrew/22.0.1"} created with settings MongoClientSettings{readPreference=primary, writeConcern=WriteConcern{w=null, wTimeout=null ms, journal=null}, retryWrites=true, retryReads=true, readConcern=ReadConcern{level=null}, credential=null, transportSettings=null, commandListeners=[io.micrometer.core.instrument.binder.mongodb.MongoMetricsCommandListener@6db61aff], codecRegistry=ProvidersCodecRegistry{codecProviders=[ValueCodecProvider{}, BsonValueCodecProvider{}, DBRefCodecProvider{}, DBObjectCodecProvider{}, DocumentCodecProvider{}, CollectionCodecProvider{}, IterableCodecProvider{}, MapCodecProvider{}, GeoJsonCodecProvider{}, GridFSFileCodecProvider{}, Jsr310CodecProvider{}, JsonObjectCodecProvider{}, BsonCodecProvider{}, EnumCodecProvider{}, com.mongodb.client.model.mql.ExpressionCodecProvider@13578280, com.mongodb.Jep395RecordCodecProvider@4d7a20d2, com.mongodb.KotlinCodecProvider@2476c3db]}, loggerSettings=LoggerSettings{maxDocumentLength=1000}, clusterSettings={hosts=[localhost:27017], srvServiceName=mongodb, mode=SINGLE, requiredClusterType=UNKNOWN, requiredReplicaSetName='null', serverSelector='null', clusterListeners='[]', serverSelectionTimeout='30000 ms', localThreshold='15 ms'}, socketSettings=SocketSettings{connectTimeoutMS=10000, readTimeoutMS=0, receiveBufferSize=0, proxySettings=ProxySettings{host=null, port=null, username=null, password=null}}, heartbeatSocketSettings=SocketSettings{connectTimeoutMS=10000, readTimeoutMS=10000, receiveBufferSize=0, proxySettings=ProxySettings{host=null, port=null, username=null, password=null}}, connectionPoolSettings=ConnectionPoolSettings{maxSize=100, minSize=0, maxWaitTimeMS=120000, maxConnectionLifeTimeMS=0, maxConnectionIdleTimeMS=0, maintenanceInitialDelayMS=0, maintenanceFrequencyMS=60000, connectionPoolListeners=[io.micrometer.core.instrument.binder.mongodb.MongoMetricsConnectionPoolListener@42b639f4], maxConnecting=2}, serverSettings=ServerSettings{heartbeatFrequencyMS=10000, minHeartbeatFrequencyMS=500, serverMonitoringMode=AUTO, serverListeners='[]', serverMonitorListeners='[]'}, sslSettings=SslSettings{enabled=false, invalidHostNameAllowed=false, context=null}, applicationName='null', compressorList=[], uuidRepresentation=JAVA_LEGACY, serverApi=null, autoEncryptionSettings=null, dnsClient=null, inetAddressResolver=null, contextProvider=null, timeoutMS=null}
2025-11-16T19:21:49.022+05:30  INFO 53140 --- [user-service] [cluster-ClusterId{value='6919d6f5f1dce788dbd0d36c', description='null'}-localhost:27017] org.mongodb.driver.cluster               : Monitor thread successfully connected to server with description ServerDescription{address=localhost:27017, type=STANDALONE, cryptd=false, state=CONNECTED, ok=true, minWireVersion=0, maxWireVersion=17, maxDocumentSize=16777216, logicalSessionTimeoutMinutes=30, roundTripTimeNanos=805083, minRoundTripTimeNanos=0}
2025-11-16T19:21:49.064+05:30  WARN 53140 --- [user-service] [restartedMain] o.s.b.d.a.OptionalLiveReloadServer       : Unable to start LiveReload server
2025-11-16T19:21:49.195+05:30  WARN 53140 --- [user-service] [restartedMain] c.f.c.c.BeanFactoryAwareFunctionRegistry : Failed to locate function 'busConsumer' for function definition 'busConsumer'. Returning null.
2025-11-16T19:21:49.203+05:30  INFO 53140 --- [user-service] [restartedMain] o.s.c.s.m.DirectWithAttributesChannel    : Channel 'user-service.springCloudBusInput' has 1 subscriber(s).
2025-11-16T19:21:49.245+05:30  INFO 53140 --- [user-service] [restartedMain] DiscoveryClientOptionalArgsConfiguration : Eureka HTTP Client uses RestTemplate.
2025-11-16T19:21:49.253+05:30  WARN 53140 --- [user-service] [restartedMain] iguration$LoadBalancerCaffeineWarnLogger : Spring Cloud LoadBalancer is currently working with the default cache. While this cache implementation is useful for development and tests, it's recommended to use Caffeine cache in production.You can switch to using Caffeine cache, by adding it and org.springframework.cache.caffeine.CaffeineCacheManager to the classpath.
2025-11-16T19:21:49.256+05:30  INFO 53140 --- [user-service] [restartedMain] o.s.b.a.e.web.EndpointLinksResolver      : Exposing 24 endpoints beneath base path '/actuator'
2025-11-16T19:21:49.287+05:30  INFO 53140 --- [user-service] [restartedMain] figuration$IntegrationJmxConfiguration$1 : Registering MessageChannel errorChannel
2025-11-16T19:21:49.290+05:30  INFO 53140 --- [user-service] [restartedMain] figuration$IntegrationJmxConfiguration$1 : Registering MessageChannel springCloudBusInput
2025-11-16T19:21:49.292+05:30  INFO 53140 --- [user-service] [restartedMain] figuration$IntegrationJmxConfiguration$1 : Registering MessageChannel nullChannel
2025-11-16T19:21:49.293+05:30  INFO 53140 --- [user-service] [restartedMain] figuration$IntegrationJmxConfiguration$1 : Registering MessageHandler _org.springframework.integration.errorLogger
2025-11-16T19:21:49.296+05:30  INFO 53140 --- [user-service] [restartedMain] o.s.i.endpoint.EventDrivenConsumer       : Adding {logging-channel-adapter:_org.springframework.integration.errorLogger} as a subscriber to the 'errorChannel' channel
2025-11-16T19:21:49.296+05:30  INFO 53140 --- [user-service] [restartedMain] o.s.i.channel.PublishSubscribeChannel    : Channel 'user-service.errorChannel' has 1 subscriber(s).
2025-11-16T19:21:49.296+05:30  INFO 53140 --- [user-service] [restartedMain] o.s.i.endpoint.EventDrivenConsumer       : started bean '_org.springframework.integration.errorLogger'
2025-11-16T19:21:49.298+05:30  INFO 53140 --- [user-service] [restartedMain] o.s.c.n.eureka.InstanceInfoFactory       : Setting initial instance status as: STARTING
2025-11-16T19:21:49.299+05:30  INFO 53140 --- [user-service] [restartedMain] com.netflix.discovery.DiscoveryClient    : Initializing Eureka in region us-east-1
2025-11-16T19:21:49.299+05:30  INFO 53140 --- [user-service] [restartedMain] c.n.d.s.r.aws.ConfigClusterResolver      : Resolving eureka endpoints via configuration
2025-11-16T19:21:49.299+05:30  INFO 53140 --- [user-service] [restartedMain] com.netflix.discovery.DiscoveryClient    : Disable delta property : false
2025-11-16T19:21:49.299+05:30  INFO 53140 --- [user-service] [restartedMain] com.netflix.discovery.DiscoveryClient    : Single vip registry refresh property : null
2025-11-16T19:21:49.299+05:30  INFO 53140 --- [user-service] [restartedMain] com.netflix.discovery.DiscoveryClient    : Force full registry fetch : false
2025-11-16T19:21:49.299+05:30  INFO 53140 --- [user-service] [restartedMain] com.netflix.discovery.DiscoveryClient    : Application is null : false
2025-11-16T19:21:49.299+05:30  INFO 53140 --- [user-service] [restartedMain] com.netflix.discovery.DiscoveryClient    : Registered Applications size is zero : true
2025-11-16T19:21:49.299+05:30  INFO 53140 --- [user-service] [restartedMain] com.netflix.discovery.DiscoveryClient    : Application version is -1: true
2025-11-16T19:21:49.299+05:30  INFO 53140 --- [user-service] [restartedMain] com.netflix.discovery.DiscoveryClient    : Getting all instance registry info from the eureka server
2025-11-16T19:21:49.316+05:30  INFO 53140 --- [user-service] [restartedMain] com.netflix.discovery.DiscoveryClient    : The response status is 200
2025-11-16T19:21:49.316+05:30  INFO 53140 --- [user-service] [restartedMain] com.netflix.discovery.DiscoveryClient    : Starting heartbeat executor: renew interval is: 30
2025-11-16T19:21:49.319+05:30  INFO 53140 --- [user-service] [restartedMain] c.n.discovery.InstanceInfoReplicator     : InstanceInfoReplicator onDemand update allowed rate per min is 4
2025-11-16T19:21:49.319+05:30  INFO 53140 --- [user-service] [restartedMain] com.netflix.discovery.DiscoveryClient    : Discovery Client initialized at timestamp 1763301109319 with initial instances count: 3
2025-11-16T19:21:49.320+05:30  INFO 53140 --- [user-service] [restartedMain] o.s.c.n.e.s.EurekaServiceRegistry        : Registering application USER-SERVICE with eureka with status UP
2025-11-16T19:21:49.320+05:30  INFO 53140 --- [user-service] [restartedMain] com.netflix.discovery.DiscoveryClient    : Saw local status change event StatusChangeEvent [timestamp=1763301109320, current=UP, previous=STARTING]
2025-11-16T19:21:49.320+05:30  INFO 53140 --- [user-service] [DiscoveryClient-InstanceInfoReplicator-%d] com.netflix.discovery.DiscoveryClient    : DiscoveryClient_USER-SERVICE/192.168.1.4:user-service:8082: registering service...
2025-11-16T19:21:49.321+05:30  INFO 53140 --- [user-service] [restartedMain] o.s.c.s.binder.DefaultBinderFactory      : Creating binder: rabbit
2025-11-16T19:21:49.321+05:30  INFO 53140 --- [user-service] [restartedMain] o.s.c.s.binder.DefaultBinderFactory      : Constructing binder child context for rabbit
2025-11-16T19:21:49.328+05:30  INFO 53140 --- [user-service] [DiscoveryClient-InstanceInfoReplicator-%d] com.netflix.discovery.DiscoveryClient    : DiscoveryClient_USER-SERVICE/192.168.1.4:user-service:8082 - registration status: 204
2025-11-16T19:21:49.342+05:30  INFO 53140 --- [user-service] [restartedMain] o.s.c.s.binder.DefaultBinderFactory      : Caching the binder: rabbit
2025-11-16T19:21:49.345+05:30  INFO 53140 --- [user-service] [restartedMain] c.s.b.r.p.RabbitExchangeQueueProvisioner : declaring queue for inbound: springCloudBus.anonymous.ZXVnc88GRl2ogokvvwixYw, bound to: springCloudBus
2025-11-16T19:21:49.345+05:30  INFO 53140 --- [user-service] [restartedMain] o.s.a.r.c.CachingConnectionFactory       : Attempting to connect to: [localhost:5672]
2025-11-16T19:21:49.351+05:30  INFO 53140 --- [user-service] [restartedMain] o.s.a.r.c.CachingConnectionFactory       : Created new connection: rabbitConnectionFactory#1994d21d:0/SimpleConnection@2ec1d744 [delegate=amqp://guest@127.0.0.1:5672/, localPort=50744]
2025-11-16T19:21:49.360+05:30  INFO 53140 --- [user-service] [restartedMain] o.s.c.stream.binder.BinderErrorChannel   : Channel 'rabbit-1420484997.springCloudBusInput.errors' has 1 subscriber(s).
2025-11-16T19:21:49.360+05:30  INFO 53140 --- [user-service] [restartedMain] o.s.c.stream.binder.BinderErrorChannel   : Channel 'rabbit-1420484997.springCloudBusInput.errors' has 2 subscriber(s).
2025-11-16T19:21:49.362+05:30  INFO 53140 --- [user-service] [restartedMain] o.s.i.a.i.AmqpInboundChannelAdapter      : started bean 'inbound.springCloudBus.anonymous.ZXVnc88GRl2ogokvvwixYw'
2025-11-16T19:21:49.363+05:30  INFO 53140 --- [user-service] [restartedMain] o.s.b.w.embedded.tomcat.TomcatWebServer  : Tomcat started on port 8082 (http) with context path '/'
2025-11-16T19:21:49.363+05:30  INFO 53140 --- [user-service] [restartedMain] .s.c.n.e.s.EurekaAutoServiceRegistration : Updating port to 8082
2025-11-16T19:21:49.374+05:30  INFO 53140 --- [user-service] [restartedMain] figuration$IntegrationJmxConfiguration$1 : Registering MessageChannel rabbit-1420484997.springCloudBusInput.errors
2025-11-16T19:21:49.380+05:30  INFO 53140 --- [user-service] [restartedMain] com.ecommerce.user.UserApplication       : Started UserApplication in 0.812 seconds (process running for 87.495)
2025-11-16T19:21:49.381+05:30  INFO 53140 --- [user-service] [restartedMain] .ConditionEvaluationDeltaLoggingListener : Condition evaluation unchanged
2025-11-16T19:21:53.495+05:30  INFO 53140 --- [user-service] [SpringApplicationShutdownHook] o.s.c.n.e.s.EurekaServiceRegistry        : Unregistering application USER-SERVICE with eureka with status DOWN
2025-11-16T19:21:53.495+05:30  INFO 53140 --- [user-service] [SpringApplicationShutdownHook] com.netflix.discovery.DiscoveryClient    : Saw local status change event StatusChangeEvent [timestamp=1763301113495, current=DOWN, previous=UP]
2025-11-16T19:21:53.496+05:30  INFO 53140 --- [user-service] [DiscoveryClient-InstanceInfoReplicator-%d] com.netflix.discovery.DiscoveryClient    : DiscoveryClient_USER-SERVICE/192.168.1.4:user-service:8082: registering service...
2025-11-16T19:21:53.501+05:30  INFO 53140 --- [user-service] [SpringApplicationShutdownHook] o.s.b.w.e.tomcat.GracefulShutdown        : Commencing graceful shutdown. Waiting for active requests to complete
2025-11-16T19:21:53.503+05:30  INFO 53140 --- [user-service] [tomcat-shutdown] o.s.b.w.e.tomcat.GracefulShutdown        : Graceful shutdown complete
2025-11-16T19:21:53.505+05:30  INFO 53140 --- [user-service] [DiscoveryClient-InstanceInfoReplicator-%d] com.netflix.discovery.DiscoveryClient    : DiscoveryClient_USER-SERVICE/192.168.1.4:user-service:8082 - registration status: 204
2025-11-16T19:21:53.512+05:30  INFO 53140 --- [user-service] [SpringApplicationShutdownHook] o.s.a.r.l.SimpleMessageListenerContainer : Waiting for workers to finish.
2025-11-16T19:21:54.377+05:30  INFO 53140 --- [user-service] [SpringApplicationShutdownHook] o.s.a.r.l.SimpleMessageListenerContainer : Successfully waited for workers to finish.
2025-11-16T19:21:54.378+05:30  INFO 53140 --- [user-service] [SpringApplicationShutdownHook] o.s.i.a.i.AmqpInboundChannelAdapter      : stopped bean 'inbound.springCloudBus.anonymous.ZXVnc88GRl2ogokvvwixYw'
2025-11-16T19:21:54.379+05:30  INFO 53140 --- [user-service] [SpringApplicationShutdownHook] o.s.c.stream.binder.BinderErrorChannel   : Channel 'user-service.rabbit-1420484997.springCloudBusInput.errors' has 1 subscriber(s).
2025-11-16T19:21:54.380+05:30  INFO 53140 --- [user-service] [SpringApplicationShutdownHook] o.s.c.stream.binder.BinderErrorChannel   : Channel 'user-service.rabbit-1420484997.springCloudBusInput.errors' has 0 subscriber(s).
2025-11-16T19:21:54.387+05:30  INFO 53140 --- [user-service] [SpringApplicationShutdownHook] o.s.i.endpoint.EventDrivenConsumer       : Removing {logging-channel-adapter:_org.springframework.integration.errorLogger} as a subscriber to the 'errorChannel' channel
2025-11-16T19:21:54.387+05:30  INFO 53140 --- [user-service] [SpringApplicationShutdownHook] o.s.i.channel.PublishSubscribeChannel    : Channel 'user-service.errorChannel' has 0 subscriber(s).
2025-11-16T19:21:54.387+05:30  INFO 53140 --- [user-service] [SpringApplicationShutdownHook] o.s.i.endpoint.EventDrivenConsumer       : stopped bean '_org.springframework.integration.errorLogger'
2025-11-16T19:21:54.393+05:30  INFO 53140 --- [user-service] [SpringApplicationShutdownHook] com.netflix.discovery.DiscoveryClient    : Shutting down DiscoveryClient ...
2025-11-16T19:21:57.397+05:30  INFO 53140 --- [user-service] [SpringApplicationShutdownHook] com.netflix.discovery.DiscoveryClient    : Unregistering ...
2025-11-16T19:21:57.402+05:30  INFO 53140 --- [user-service] [SpringApplicationShutdownHook] com.netflix.discovery.DiscoveryClient    : DiscoveryClient_USER-SERVICE/192.168.1.4:user-service:8082 - deregister  status: 200
2025-11-16T19:21:57.403+05:30  INFO 53140 --- [user-service] [SpringApplicationShutdownHook] com.netflix.discovery.DiscoveryClient    : Completed shut down of DiscoveryClient
